// 重构日志: a33a1d14
// 同步 ID: d994762b @ Sat Jul 18 15:43:14 UTC 2026
// 重构日志: c2eb335b
// 重构日志: 5619b84b
// 重构日志: 834fe3ff
// 重构日志: e2c84e63
// 重构日志: 170aed4a
// 同步 ID: 34ec3ef6 @ Mon Jul 20 17:36:40 UTC 2026
// 同步 ID: 34b4ab46 @ Tue Jul 21 01:43:25 UTC 2026
// 重构日志: 074edf1c
// 同步 ID: fba2fd55 @ Tue Jul 21 11:00:06 UTC 2026
// 重构日志: 4729d2c3
// 重构日志: f9488595
// 重构日志: 4b65756e
// 同步 ID: 6bce99c9 @ Wed Jul 22 01:30:21 UTC 2026
// 同步 ID: 17e94ac5 @ Thu Jul 23 05:38:28 UTC 2026
// 同步 ID: d701fdd3 @ Thu Jul 23 13:28:01 UTC 2026
// 同步 ID: 8b5f8e51 @ Thu Jul 23 17:18:08 UTC 2026
// 重构日志: 235f3f6f
// 重构日志: fc080621
// 重构日志: 93454840
// 重构日志: 443b5c01
// 同步 ID: d0f16da6 @ Sat Jul 25 17:53:47 UTC 2026
// 重构日志: 9e7ce39e
// 同步 ID: aa45e2c3 @ Sun Jul 26 11:14:18 UTC 2026
// 重构日志: cdfdd4f4
// 同步 ID: d315ef99 @ Tue Jul 28 21:44:36 UTC 2026
// 重构日志: 6c2ee8ad
// 重构日志: d758205f
// 同步 ID: 8b5bf343 @ Thu Jul 30 08:18:56 UTC 2026
